// Jest Snapshot v1, https://goo.gl/fbAQLP

exports[`it renders 1`] = `
.c0[data-shadow-size='small'] {
  -webkit-filter: drop-shadow(0px 4px 8px rgba(0,0,0,0.04)) drop-shadow(0px 0px 2px rgba(0,0,0,0.06)) drop-shadow(0px 0px 1px rgba(0,0,0,0.04));
  filter: drop-shadow(0px 4px 8px rgba(0,0,0,0.04)) drop-shadow(0px 0px 2px rgba(0,0,0,0.06)) drop-shadow(0px 0px 1px rgba(0,0,0,0.04));
}

.c0[data-shadow-size='normal'] {
  -webkit-filter: drop-shadow(0px 10px 16px rgba(0,0,0,0.04)) drop-shadow(0px 2px 8px rgba(0,0,0,0.04)) drop-shadow(0px 0px 1px rgba(0,0,0,0.04));
  filter: drop-shadow(0px 10px 16px rgba(0,0,0,0.04)) drop-shadow(0px 2px 8px rgba(0,0,0,0.04)) drop-shadow(0px 0px 1px rgba(0,0,0,0.04));
}

.c0[data-shadow-size='medium'] {
  -webkit-filter: drop-shadow(0px 16px 24px rgba(0,0,0,0.06)) drop-shadow(0px 2px 8px rgba(0,0,0,0.04)) drop-shadow(0px 0px 1px rgba(0,0,0,0.04));
  filter: drop-shadow(0px 16px 24px rgba(0,0,0,0.06)) drop-shadow(0px 2px 8px rgba(0,0,0,0.04)) drop-shadow(0px 0px 1px rgba(0,0,0,0.04));
}

.c0[data-shadow-size='large'] {
  -webkit-filter: drop-shadow(0px 24px 32px rgba(0,0,0,0.04)) drop-shadow(0px 16px 24px rgba(0,0,0,0.04)) drop-shadow(0px 4px 8px rgba(0,0,0,0.04)) drop-shadow(0px 0px 1px rgba(0,0,0,0.04));
  filter: drop-shadow(0px 24px 32px rgba(0,0,0,0.04)) drop-shadow(0px 16px 24px rgba(0,0,0,0.04)) drop-shadow(0px 4px 8px rgba(0,0,0,0.04)) drop-shadow(0px 0px 1px rgba(0,0,0,0.04));
}

.c0[data-shadow-size='soft'] {
  -webkit-filter: drop-shadow(0px 24px 32px rgba(0,0,0,0.04)) drop-shadow(0px 16px 24px rgba(0,0,0,0.04)) drop-shadow(0px 4px 8px rgba(0,0,0,0.04)) drop-shadow(0px 0px 1px rgba(0,0,0,0.04));
  filter: drop-shadow(0px 24px 32px rgba(0,0,0,0.04)) drop-shadow(0px 16px 24px rgba(0,0,0,0.04)) drop-shadow(0px 4px 8px rgba(0,0,0,0.04)) drop-shadow(0px 0px 1px rgba(0,0,0,0.04));
}

<div
  class="c0"
  data-shadow-size="medium"
>
  <div>
    Shadow child!
  </div>
</div>
`;
