// Jest Snapshot v1, https://goo.gl/fbAQLP

exports[`it renders 1`] = `
.c0 {
  position: relative;
  box-sizing: border-box;
  border: 1px solid #d9d9d9;
  background: url('../../../public/bgSvg/arrow-down.svg') no-repeat;
  background-position: right 16px center;
  border-radius: 6px;
}

.c0[data-has-icons='true'] {
  border: none;
  background: #f2f2f2;
}

.c0[data-has-icons='true'] img,
.c0[data-has-icons='true'] svg {
  display: inline-block;
  max-width: 16px;
  margin-right: 6px;
}

.c0[data-has-icons='true'] span {
  vertical-align: middle;
  display: inline-block;
}

.c0[data-has-icons='true']:hover {
  box-shadow: none;
}

.c0[data-has-icons='true'] > div {
  position: relative;
  width: 100%;
  display: -webkit-box;
  display: -webkit-flex;
  display: -ms-flexbox;
  display: flex;
  -webkit-align-items: center;
  -webkit-box-align: center;
  -ms-flex-align: center;
  align-items: center;
  box-sizing: border-box;
}

.c0[data-has-icons='true'] > div::after {
  content: '';
  right: 12px;
  top: 50%;
  background-image: url("data:image/svg+xml,%3Csvg width='10' height='6' viewBox='0 0 10 6' fill='none' xmlns='http://www.w3.org/2000/svg'%3E%3Cpath d='M1 1L5 5L9 1' stroke='%23595959' stroke-width='1.5' stroke-linecap='round' stroke-linejoin='round'/%3E%3C/svg%3E%0A");
  width: 10px;
  height: 8px;
  position: absolute;
  background-repeat: no-repeat;
  -webkit-transform: translateY(-50%);
  -ms-transform: translateY(-50%);
  transform: translateY(-50%);
}

.c0:hover {
  box-shadow: 0 0 2px 2px #91caff;
}

.c1 {
  padding: 12px 18px 12px 16px;
  cursor: pointer;
}

.c1[data-dropdown-open] {
  padding: 11px 15px 11px 15px;
  border: 1px solid #2d87f3;
  border-radius: 6px;
  box-shadow: 0 0 2px 2px #91caff;
}

.c1 > svg {
  height: 16px;
  width: 16px;
}

<div
  class="c0"
  data-dropdown-open="false"
  data-has-icons="true"
  id="dropdown1"
  tabindex="0"
>
  <div
    class="c1"
  >
    <svg
      data-name="Layer 1"
      id="prefix__Layer_1"
      viewBox="0 0 12.17 14.83"
      xmlns="http://www.w3.org/2000/svg"
    >
      <defs>
        <clippath
          id="prefix__clip-path"
          transform="translate(-1.92 -1.54)"
        >
          <path
            d="M0 .96h16v16H0z"
            fill="none"
          />
        </clippath>
        <style>
          .prefix__cls-3{fill:none;stroke:#595959;stroke-linecap:round;stroke-linejoin:round;stroke-width:1.5px}
        </style>
      </defs>
      <title>
        File
      </title>
      <g
        clip-path="url(#prefix__clip-path)"
      >
        <path
          class="prefix__cls-3"
          d="M8.67 2.29H4a1.33 1.33 0 00-1.33 1.33v10.67A1.33 1.33 0 004 15.62h8a1.33 1.33 0 001.33-1.33V7z"
          transform="translate(-1.92 -1.54)"
        />
        <path
          class="prefix__cls-3"
          d="M8.67 2.29V7h4.66"
          transform="translate(-1.92 -1.54)"
        />
      </g>
    </svg>
     
    <span>
      CSV file
    </span>
  </div>
  <input
    accept="*"
    id="uploader-dropdown-input-dropdown1-1"
    style="display: none;"
    type="file"
  />
</div>
`;
